******************************************************************************
                  TI ARM Linker PC v18.12.3                    
******************************************************************************
>> Linked Thu Oct 31 13:52:09 2019

OUTPUT FILE NAME:   <Lab7.out>
ENTRY POINT SYMBOL: "_c_int00_noargs"  address: 00001089


MEMORY CONFIGURATION

         name            origin    length      used     unused   attr    fill
----------------------  --------  ---------  --------  --------  ----  --------
  MAIN                  00000000   00040000  00001236  0003edca  R  X
  INFO                  00200000   00004000  00000000  00004000  R  X
  SRAM_CODE             01000000   00010000  00000263  0000fd9d  RW X
  SRAM_DATA             20000000   00010000  00000263  0000fd9d  RW  


SEGMENT ALLOCATION MAP

run origin  load origin   length   init length attrs members
----------  ----------- ---------- ----------- ----- -------
00000000    00000000    00001238   00001238    r-x
  00000000    00000000    000000e4   000000e4    r-- .intvecs
  000000e4    000000e4    0000110a   0000110a    r-x .text
  000011f0    000011f0    00000048   00000048    r-- .cinit
20000000    20000000    00000063   00000000    rw-
  20000000    20000000    0000005c   00000000    rw- .data
  2000005c    2000005c    00000007   00000000    rw- .bss
2000fe00    2000fe00    00000200   00000000    rw-
  2000fe00    2000fe00    00000200   00000000    rw- .stack


SECTION ALLOCATION MAP

 output                                  attributes/
section   page    origin      length       input sections
--------  ----  ----------  ----------   ----------------
.intvecs   0    00000000    000000e4     
                  00000000    000000e4     startup_msp432p401r_ccs.obj (.intvecs:retain)

.text      0    000000e4    0000110a     
                  000000e4    000006c8     main.obj (.text:main)
                  000007ac    0000017c     Clock.obj (.text:Clock_Init48MHz)
                  00000928    000000b4     Encoder.obj (.text:encoder_init)
                  000009dc    000000b0     Bump.obj (.text:Bump_Read)
                  00000a8c    000000b0     main.obj (.text:Initialize_System)
                  00000b3c    000000b0     Motor.obj (.text:motor_init)
                  00000bec    0000009c     rtsv7M4_T_le_v4SPD16_eabi.lib : memcpy_t2.asm.obj (.text)
                  00000c88    00000098     Encoder.obj (.text:PORT5_IRQHandler)
                  00000d20    0000008c     Button.obj (.text:button_init)
                  00000dac    00000078     system_msp432p401r.obj (.text:SystemInit)
                  00000e24    00000068     rtsv7M4_T_le_v4SPD16_eabi.lib : copy_decompress_lzss.c.obj (.text:decompress:lzss:__TI_decompress_lzss)
                  00000e8c    00000060     Motor.obj (.text:set_left_motor_pwm)
                  00000eec    00000060     Motor.obj (.text:set_right_motor_pwm)
                  00000f4c    0000005c     Bump.obj (.text:Bump_Init)
                  00000fa8    00000058     Reflectance.obj (.text:Reflectance_Init)
                  00001000    00000044     Button.obj (.text:PORT1_IRQHandler)
                  00001044    00000044     rtsv7M4_T_le_v4SPD16_eabi.lib : autoinit.c.obj (.text:__TI_auto_init_nobinit_nopinit:__TI_auto_init_nobinit_nopinit)
                  00001088    00000034                                   : boot_cortex_m.c.obj (.text:_c_int00_noargs:_c_int00_noargs)
                  000010bc    00000030     Motor.obj (.text:set_left_motor_direction)
                  000010ec    00000030     Motor.obj (.text:set_right_motor_direction)
                  0000111c    0000002c     Clock.obj (.text:Clock_Delay1ms)
                  00001148    0000001c     rtsv7M4_T_le_v4SPD16_eabi.lib : copy_zero_init.c.obj (.text:decompress:ZI:__TI_zero_init_nomemset:__TI_zero_init_nomemset)
                  00001164    00000018     Button.obj (.text:button_S1_pressed)
                  0000117c    00000018     Button.obj (.text:button_S2_pressed)
                  00001194    00000010     main.obj (.text:SysTick_Handler)
                  000011a4    0000000e     rtsv7M4_T_le_v4SPD16_eabi.lib : copy_decompress_none.c.obj (.text:decompress:none:__TI_decompress_none)
                  000011b2    0000000e     Clock.obj (.text:delay)
                  000011c0    0000000c     startup_msp432p401r_ccs.obj (.text:Reset_Handler)
                  000011cc    0000000c     Encoder.obj (.text:get_left_motor_count)
                  000011d8    0000000c     Encoder.obj (.text:get_right_motor_count)
                  000011e4    00000004     rtsv7M4_T_le_v4SPD16_eabi.lib : pre_init.c.obj (.text:_system_pre_init)
                  000011e8    00000004                                   : exit.c.obj (.text:abort:abort)
                  000011ec    00000002     startup_msp432p401r_ccs.obj (.text:Default_Handler)

.cinit     0    000011f0    00000048     
                  000011f0    00000024     (.cinit..data.load) [load image, compression = lzss]
                  00001214    0000000c     (__TI_handler_table)
                  00001220    00000008     (.cinit..bss.load) [load image, compression = zero_init]
                  00001228    00000010     (__TI_cinit_table)

.init_array 
*          0    00000000    00000000     UNINITIALIZED

.binit     0    00000000    00000000     

.data      0    20000000    0000005c     UNINITIALIZED
                  20000000    00000018     Clock.obj (.data)
                  20000018    00000018     Motor.obj (.data:left_motor_pwm_config)
                  20000030    00000018     Motor.obj (.data:right_motor_pwm_config)
                  20000048    00000009     main.obj (.data)
                  20000051    00000002     Button.obj (.data)
                  20000053    00000001     --HOLE--
                  20000054    00000008     Encoder.obj (.data)

.bss       0    2000005c    00000007     UNINITIALIZED
                  2000005c    00000001     (.common:bump_data)
                  2000005d    00000001     (.common:bump_data0)
                  2000005e    00000001     (.common:bump_data1)
                  2000005f    00000001     (.common:bump_data2)
                  20000060    00000001     (.common:bump_data3)
                  20000061    00000001     (.common:bump_data4)
                  20000062    00000001     (.common:bump_data5)

.stack     0    2000fe00    00000200     UNINITIALIZED
                  2000fe00    00000004     rtsv7M4_T_le_v4SPD16_eabi.lib : boot_cortex_m.c.obj (.stack)
                  2000fe04    000001fc     --HOLE--

MODULE SUMMARY

       Module                        code   ro data   rw data
       ------                        ----   -------   -------
    .\
       main.obj                      1928   0         32     
       system_msp432p401r.obj        120    0         0      
    +--+-----------------------------+------+---------+---------+
       Total:                        2048   0         32     
                                                             
    .\Library\
       Motor.obj                     464    0         96     
       Clock.obj                     438    0         48     
       Encoder.obj                   356    0         16     
       Bump.obj                      268    0         0      
       Button.obj                    256    0         4      
       Reflectance.obj               88     0         0      
    +--+-----------------------------+------+---------+---------+
       Total:                        1870   0         164    
                                                             
    .\ccs\
       startup_msp432p401r_ccs.obj   14     228       0      
    +--+-----------------------------+------+---------+---------+
       Total:                        14     228       0      
                                                             
    C:\ti\ccs920\ccs\tools\compiler\ti-cgt-arm_18.12.3.LTS\lib\rtsv7M4_T_le_v4SPD16_eabi.lib
       memcpy_t2.asm.obj             156    0         0      
       copy_decompress_lzss.c.obj    104    0         0      
       autoinit.c.obj                68     0         0      
       boot_cortex_m.c.obj           52     0         0      
       copy_zero_init.c.obj          28     0         0      
       copy_decompress_none.c.obj    14     0         0      
       exit.c.obj                    4      0         0      
       pre_init.c.obj                4      0         0      
    +--+-----------------------------+------+---------+---------+
       Total:                        430    0         0      
                                                             
       Stack:                        0      0         1024   
       Linker Generated:             0      72        0      
    +--+-----------------------------+------+---------+---------+
       Grand Total:                  4362   300       1220   


LINKER GENERATED COPY TABLES

__TI_cinit_table @ 00001228 records: 2, size/record: 8, table size: 16
	.data: load addr=000011f0, load size=00000024 bytes, run addr=20000000, run size=0000005c bytes, compression=lzss
	.bss: load addr=00001220, load size=00000008 bytes, run addr=2000005c, run size=00000007 bytes, compression=zero_init


LINKER GENERATED HANDLER TABLE

__TI_handler_table @ 00001214 records: 3, size/record: 4, table size: 12
	index: 0, handler: __TI_decompress_lzss
	index: 1, handler: __TI_decompress_none
	index: 2, handler: __TI_zero_init


GLOBAL SYMBOLS: SORTED ALPHABETICALLY BY Name 

address   name                          
-------   ----                          
000011ed  ADC14_IRQHandler              
000011ed  AES256_IRQHandler             
00000f4d  Bump_Init                     
000009dd  Bump_Read                     
000011ed  BusFault_Handler              
000011e9  C$$EXIT                       
000011ed  COMP_E0_IRQHandler            
000011ed  COMP_E1_IRQHandler            
20000008  CPMwait                       
000011ed  CS_IRQHandler                 
20000000  ClockFrequency                
0000111d  Clock_Delay1ms                
000007ad  Clock_Init48MHz               
20000014  Crystalstable                 
000011ed  DMA_ERR_IRQHandler            
000011ed  DMA_INT0_IRQHandler           
000011ed  DMA_INT1_IRQHandler           
000011ed  DMA_INT2_IRQHandler           
000011ed  DMA_INT3_IRQHandler           
000011ed  DebugMon_Handler              
000011ed  Default_Handler               
000011ed  EUSCIA0_IRQHandler            
000011ed  EUSCIA1_IRQHandler            
000011ed  EUSCIA2_IRQHandler            
000011ed  EUSCIA3_IRQHandler            
000011ed  EUSCIB0_IRQHandler            
000011ed  EUSCIB1_IRQHandler            
000011ed  EUSCIB2_IRQHandler            
000011ed  EUSCIB3_IRQHandler            
000011ed  FLCTL_IRQHandler              
000011ed  FPU_IRQHandler                
000011ed  HardFault_Handler             
20000010  IFlags                        
00000a8d  Initialize_System             
000011ed  MemManage_Handler             
000011ed  NMI_Handler                   
000011ed  PCM_IRQHandler                
00001001  PORT1_IRQHandler              
00001001  PORT1_IRQHandler              
000011ed  PORT2_IRQHandler              
000011ed  PORT3_IRQHandler              
000011ed  PORT4_IRQHandler              
00000c89  PORT5_IRQHandler              
00000c89  PORT5_IRQHandler              
000011ed  PORT6_IRQHandler              
000011ed  PSS_IRQHandler                
000011ed  PendSV_Handler                
2000000c  Postwait                      
20000004  Prewait                       
000011ed  RTC_C_IRQHandler              
00000fa9  Reflectance_Init              
000011c1  Reset_Handler                 
000011ed  SVC_Handler                   
00001195  SysTick_Handler               
00001195  SysTick_Handler               
00000dad  SystemInit                    
000011ed  T32_INT1_IRQHandler           
000011ed  T32_INT2_IRQHandler           
000011ed  T32_INTC_IRQHandler           
000011ed  TA0_0_IRQHandler              
000011ed  TA0_N_IRQHandler              
000011ed  TA1_0_IRQHandler              
000011ed  TA1_N_IRQHandler              
000011ed  TA2_0_IRQHandler              
000011ed  TA2_N_IRQHandler              
000011ed  TA3_0_IRQHandler              
000011ed  TA3_N_IRQHandler              
000011ed  UsageFault_Handler            
4000480c  WDTCTL_SYM                    
000011ed  WDT_A_IRQHandler              
20010000  __STACK_END                   
00000200  __STACK_SIZE                  
00001228  __TI_CINIT_Base               
00001238  __TI_CINIT_Limit              
00001214  __TI_Handler_Table_Base       
00001220  __TI_Handler_Table_Limit      
00001045  __TI_auto_init_nobinit_nopinit
00000e25  __TI_decompress_lzss          
000011a5  __TI_decompress_none          
ffffffff  __TI_pprof_out_hndl           
ffffffff  __TI_prof_data_size           
ffffffff  __TI_prof_data_start          
00000000  __TI_static_base__            
00001149  __TI_zero_init_nomemset       
00000bed  __aeabi_memcpy                
00000bed  __aeabi_memcpy4               
00000bed  __aeabi_memcpy8               
ffffffff  __binit__                     
ffffffff  __c_args__                    
UNDEFED   __mpu_init                    
2000fe00  __stack                       
00001089  _c_int00_noargs               
UNDEFED   _system_post_cinit            
000011e5  _system_pre_init              
000011e9  abort                         
ffffffff  binit                         
2000005c  bump_data                     
2000005d  bump_data0                    
2000005e  bump_data1                    
2000005f  bump_data2                    
20000060  bump_data3                    
20000061  bump_data4                    
20000062  bump_data5                    
00001165  button_S1_pressed             
20000051  button_S1_pressed_flag        
0000117d  button_S2_pressed             
20000052  button_S2_pressed_flag        
00000d21  button_init                   
000011b3  delay                         
00000929  encoder_init                  
000011cd  get_left_motor_count          
000011d9  get_right_motor_count         
2000004c  i                             
00000000  interruptVectors              
20000054  left_motor_count              
20000018  left_motor_pwm_config         
000000e5  main                          
00000bed  memcpy                        
00000b3d  motor_init                    
20000058  right_motor_count             
20000030  right_motor_pwm_config        
000010bd  set_left_motor_direction      
00000e8d  set_left_motor_pwm            
000010ed  set_right_motor_direction     
00000eed  set_right_motor_pwm           
20000050  state                         
20000048  tick                          


GLOBAL SYMBOLS: SORTED BY Symbol Address 

address   name                          
-------   ----                          
00000000  __TI_static_base__            
00000000  interruptVectors              
000000e5  main                          
00000200  __STACK_SIZE                  
000007ad  Clock_Init48MHz               
00000929  encoder_init                  
000009dd  Bump_Read                     
00000a8d  Initialize_System             
00000b3d  motor_init                    
00000bed  __aeabi_memcpy                
00000bed  __aeabi_memcpy4               
00000bed  __aeabi_memcpy8               
00000bed  memcpy                        
00000c89  PORT5_IRQHandler              
00000c89  PORT5_IRQHandler              
00000d21  button_init                   
00000dad  SystemInit                    
00000e25  __TI_decompress_lzss          
00000e8d  set_left_motor_pwm            
00000eed  set_right_motor_pwm           
00000f4d  Bump_Init                     
00000fa9  Reflectance_Init              
00001001  PORT1_IRQHandler              
00001001  PORT1_IRQHandler              
00001045  __TI_auto_init_nobinit_nopinit
00001089  _c_int00_noargs               
000010bd  set_left_motor_direction      
000010ed  set_right_motor_direction     
0000111d  Clock_Delay1ms                
00001149  __TI_zero_init_nomemset       
00001165  button_S1_pressed             
0000117d  button_S2_pressed             
00001195  SysTick_Handler               
00001195  SysTick_Handler               
000011a5  __TI_decompress_none          
000011b3  delay                         
000011c1  Reset_Handler                 
000011cd  get_left_motor_count          
000011d9  get_right_motor_count         
000011e5  _system_pre_init              
000011e9  C$$EXIT                       
000011e9  abort                         
000011ed  ADC14_IRQHandler              
000011ed  AES256_IRQHandler             
000011ed  BusFault_Handler              
000011ed  COMP_E0_IRQHandler            
000011ed  COMP_E1_IRQHandler            
000011ed  CS_IRQHandler                 
000011ed  DMA_ERR_IRQHandler            
000011ed  DMA_INT0_IRQHandler           
000011ed  DMA_INT1_IRQHandler           
000011ed  DMA_INT2_IRQHandler           
000011ed  DMA_INT3_IRQHandler           
000011ed  DebugMon_Handler              
000011ed  Default_Handler               
000011ed  EUSCIA0_IRQHandler            
000011ed  EUSCIA1_IRQHandler            
000011ed  EUSCIA2_IRQHandler            
000011ed  EUSCIA3_IRQHandler            
000011ed  EUSCIB0_IRQHandler            
000011ed  EUSCIB1_IRQHandler            
000011ed  EUSCIB2_IRQHandler            
000011ed  EUSCIB3_IRQHandler            
000011ed  FLCTL_IRQHandler              
000011ed  FPU_IRQHandler                
000011ed  HardFault_Handler             
000011ed  MemManage_Handler             
000011ed  NMI_Handler                   
000011ed  PCM_IRQHandler                
000011ed  PORT2_IRQHandler              
000011ed  PORT3_IRQHandler              
000011ed  PORT4_IRQHandler              
000011ed  PORT6_IRQHandler              
000011ed  PSS_IRQHandler                
000011ed  PendSV_Handler                
000011ed  RTC_C_IRQHandler              
000011ed  SVC_Handler                   
000011ed  T32_INT1_IRQHandler           
000011ed  T32_INT2_IRQHandler           
000011ed  T32_INTC_IRQHandler           
000011ed  TA0_0_IRQHandler              
000011ed  TA0_N_IRQHandler              
000011ed  TA1_0_IRQHandler              
000011ed  TA1_N_IRQHandler              
000011ed  TA2_0_IRQHandler              
000011ed  TA2_N_IRQHandler              
000011ed  TA3_0_IRQHandler              
000011ed  TA3_N_IRQHandler              
000011ed  UsageFault_Handler            
000011ed  WDT_A_IRQHandler              
00001214  __TI_Handler_Table_Base       
00001220  __TI_Handler_Table_Limit      
00001228  __TI_CINIT_Base               
00001238  __TI_CINIT_Limit              
20000000  ClockFrequency                
20000004  Prewait                       
20000008  CPMwait                       
2000000c  Postwait                      
20000010  IFlags                        
20000014  Crystalstable                 
20000018  left_motor_pwm_config         
20000030  right_motor_pwm_config        
20000048  tick                          
2000004c  i                             
20000050  state                         
20000051  button_S1_pressed_flag        
20000052  button_S2_pressed_flag        
20000054  left_motor_count              
20000058  right_motor_count             
2000005c  bump_data                     
2000005d  bump_data0                    
2000005e  bump_data1                    
2000005f  bump_data2                    
20000060  bump_data3                    
20000061  bump_data4                    
20000062  bump_data5                    
2000fe00  __stack                       
20010000  __STACK_END                   
4000480c  WDTCTL_SYM                    
ffffffff  __TI_pprof_out_hndl           
ffffffff  __TI_prof_data_size           
ffffffff  __TI_prof_data_start          
ffffffff  __binit__                     
ffffffff  __c_args__                    
ffffffff  binit                         
UNDEFED   __mpu_init                    
UNDEFED   _system_post_cinit            

[127 symbols]
