******************************************************************************
                  TI ARM Linker PC v18.12.3                    
******************************************************************************
>> Linked Fri Nov 22 00:41:46 2019

OUTPUT FILE NAME:   <Lab9.out>
ENTRY POINT SYMBOL: "_c_int00_noargs"  address: 000010cd


MEMORY CONFIGURATION

         name            origin    length      used     unused   attr    fill
----------------------  --------  ---------  --------  --------  ----  --------
  MAIN                  00000000   00040000  000012c0  0003ed40  R  X
  INFO                  00200000   00004000  00000000  00004000  R  X
  SRAM_CODE             01000000   00010000  00000273  0000fd8d  RW X
  SRAM_DATA             20000000   00010000  00000273  0000fd8d  RW  


SEGMENT ALLOCATION MAP

run origin  load origin   length   init length attrs members
----------  ----------- ---------- ----------- ----- -------
00000000    00000000    000012c0   000012c0    r-x
  00000000    00000000    000000e4   000000e4    r-- .intvecs
  000000e4    000000e4    00001184   00001184    r-x .text
  00001268    00001268    00000058   00000058    r-- .cinit
20000000    20000000    00000073   00000000    rw-
  20000000    20000000    00000068   00000000    rw- .data
  20000068    20000068    0000000b   00000000    rw- .bss
2000fe00    2000fe00    00000200   00000000    rw-
  2000fe00    2000fe00    00000200   00000000    rw- .stack


SECTION ALLOCATION MAP

 output                                  attributes/
section   page    origin      length       input sections
--------  ----  ----------  ----------   ----------------
.intvecs   0    00000000    000000e4     
                  00000000    000000e4     startup_msp432p401r_ccs.obj (.intvecs:retain)

.text      0    000000e4    00001184     
                  000000e4    0000070c     main.obj (.text:main)
                  000007f0    0000017c     Clock.obj (.text:Clock_Init48MHz)
                  0000096c    000000b4     Encoder.obj (.text:encoder_init)
                  00000a20    000000b0     Bump.obj (.text:Bump_Read)
                  00000ad0    000000b0     main.obj (.text:Initialize_System)
                  00000b80    000000b0     Motor.obj (.text:motor_init)
                  00000c30    0000009c     rtsv7M4_T_le_v4SPD16_eabi.lib : memcpy_t2.asm.obj (.text)
                  00000ccc    00000098     Encoder.obj (.text:PORT5_IRQHandler)
                  00000d64    0000008c     Button.obj (.text:button_init)
                  00000df0    00000078     system_msp432p401r.obj (.text:SystemInit)
                  00000e68    00000068     rtsv7M4_T_le_v4SPD16_eabi.lib : copy_decompress_lzss.c.obj (.text:decompress:lzss:__TI_decompress_lzss)
                  00000ed0    00000060     Motor.obj (.text:set_left_motor_pwm)
                  00000f30    00000060     Motor.obj (.text:set_right_motor_pwm)
                  00000f90    0000005c     Bump.obj (.text:Bump_Init)
                  00000fec    00000058     Reflectance.obj (.text:Reflectance_Init)
                  00001044    00000044     Button.obj (.text:PORT1_IRQHandler)
                  00001088    00000044     rtsv7M4_T_le_v4SPD16_eabi.lib : autoinit.c.obj (.text:__TI_auto_init_nobinit_nopinit:__TI_auto_init_nobinit_nopinit)
                  000010cc    00000034                                   : boot_cortex_m.c.obj (.text:_c_int00_noargs:_c_int00_noargs)
                  00001100    00000034                                   : rand.c.obj (.text:rand)
                  00001134    00000030     Motor.obj (.text:set_left_motor_direction)
                  00001164    00000030     Motor.obj (.text:set_right_motor_direction)
                  00001194    0000002c     Clock.obj (.text:Clock_Delay1ms)
                  000011c0    0000001c     rtsv7M4_T_le_v4SPD16_eabi.lib : copy_zero_init.c.obj (.text:decompress:ZI:__TI_zero_init_nomemset:__TI_zero_init_nomemset)
                  000011dc    00000018     Button.obj (.text:button_S1_pressed)
                  000011f4    00000018     Button.obj (.text:button_S2_pressed)
                  0000120c    00000010     main.obj (.text:SysTick_Handler)
                  0000121c    0000000e     rtsv7M4_T_le_v4SPD16_eabi.lib : copy_decompress_none.c.obj (.text:decompress:none:__TI_decompress_none)
                  0000122a    0000000e     Clock.obj (.text:delay)
                  00001238    0000000c     startup_msp432p401r_ccs.obj (.text:Reset_Handler)
                  00001244    0000000c     Encoder.obj (.text:get_left_motor_count)
                  00001250    0000000c     Encoder.obj (.text:get_right_motor_count)
                  0000125c    00000004     rtsv7M4_T_le_v4SPD16_eabi.lib : pre_init.c.obj (.text:_system_pre_init)
                  00001260    00000004                                   : exit.c.obj (.text:abort:abort)
                  00001264    00000002     startup_msp432p401r_ccs.obj (.text:Default_Handler)
                  00001266    00000002     rtsv7M4_T_le_v4SPD16_eabi.lib : _lock.c.obj (.text:_nop)

.cinit     0    00001268    00000058     
                  00001268    0000002d     (.cinit..data.load) [load image, compression = lzss]
                  00001295    00000003     --HOLE-- [fill = 0]
                  00001298    0000000c     (__TI_handler_table)
                  000012a4    00000004     --HOLE-- [fill = 0]
                  000012a8    00000008     (.cinit..bss.load) [load image, compression = zero_init]
                  000012b0    00000010     (__TI_cinit_table)

.init_array 
*          0    00000000    00000000     UNINITIALIZED

.binit     0    00000000    00000000     

.data      0    20000000    00000068     UNINITIALIZED
                  20000000    00000018     Clock.obj (.data)
                  20000018    00000018     Motor.obj (.data:left_motor_pwm_config)
                  20000030    00000018     Motor.obj (.data:right_motor_pwm_config)
                  20000048    00000009     main.obj (.data)
                  20000051    00000002     Button.obj (.data)
                  20000053    00000001     --HOLE--
                  20000054    00000008     rtsv7M4_T_le_v4SPD16_eabi.lib : _lock.c.obj (.data:$O1$$)
                  2000005c    00000008     Encoder.obj (.data)
                  20000064    00000004     rtsv7M4_T_le_v4SPD16_eabi.lib : rand.c.obj (.data)

.bss       0    20000068    0000000b     UNINITIALIZED
                  20000068    00000004     (.common:mouse)
                  2000006c    00000001     (.common:bump_data)
                  2000006d    00000001     (.common:bump_data0)
                  2000006e    00000001     (.common:bump_data1)
                  2000006f    00000001     (.common:bump_data2)
                  20000070    00000001     (.common:bump_data3)
                  20000071    00000001     (.common:bump_data4)
                  20000072    00000001     (.common:bump_data5)

.stack     0    2000fe00    00000200     UNINITIALIZED
                  2000fe00    00000004     rtsv7M4_T_le_v4SPD16_eabi.lib : boot_cortex_m.c.obj (.stack)
                  2000fe04    000001fc     --HOLE--

MODULE SUMMARY

       Module                        code   ro data   rw data
       ------                        ----   -------   -------
    .\
       main.obj                      1996   0         40     
       system_msp432p401r.obj        120    0         0      
    +--+-----------------------------+------+---------+---------+
       Total:                        2116   0         40     
                                                             
    .\Library\
       Motor.obj                     464    0         96     
       Clock.obj                     438    0         48     
       Encoder.obj                   356    0         16     
       Bump.obj                      268    0         0      
       Button.obj                    256    0         4      
       Reflectance.obj               88     0         0      
    +--+-----------------------------+------+---------+---------+
       Total:                        1870   0         164    
                                                             
    .\ccs\
       startup_msp432p401r_ccs.obj   14     228       0      
    +--+-----------------------------+------+---------+---------+
       Total:                        14     228       0      
                                                             
    C:\ti\ccs920\ccs\tools\compiler\ti-cgt-arm_18.12.3.LTS\lib\rtsv7M4_T_le_v4SPD16_eabi.lib
       memcpy_t2.asm.obj             156    0         0      
       copy_decompress_lzss.c.obj    104    0         0      
       autoinit.c.obj                68     0         0      
       rand.c.obj                    52     0         8      
       boot_cortex_m.c.obj           52     0         0      
       copy_zero_init.c.obj          28     0         0      
       _lock.c.obj                   2      0         16     
       copy_decompress_none.c.obj    14     0         0      
       exit.c.obj                    4      0         0      
       pre_init.c.obj                4      0         0      
    +--+-----------------------------+------+---------+---------+
       Total:                        484    0         24     
                                                             
       Stack:                        0      0         1024   
       Linker Generated:             0      81        0      
    +--+-----------------------------+------+---------+---------+
       Grand Total:                  4484   309       1252   


LINKER GENERATED COPY TABLES

__TI_cinit_table @ 000012b0 records: 2, size/record: 8, table size: 16
	.data: load addr=00001268, load size=0000002d bytes, run addr=20000000, run size=00000068 bytes, compression=lzss
	.bss: load addr=000012a8, load size=00000008 bytes, run addr=20000068, run size=0000000b bytes, compression=zero_init


LINKER GENERATED HANDLER TABLE

__TI_handler_table @ 00001298 records: 3, size/record: 4, table size: 12
	index: 0, handler: __TI_decompress_lzss
	index: 1, handler: __TI_decompress_none
	index: 2, handler: __TI_zero_init


GLOBAL SYMBOLS: SORTED ALPHABETICALLY BY Name 

address   name                          
-------   ----                          
00001265  ADC14_IRQHandler              
00001265  AES256_IRQHandler             
00000f91  Bump_Init                     
00000a21  Bump_Read                     
00001265  BusFault_Handler              
00001261  C$$EXIT                       
00001265  COMP_E0_IRQHandler            
00001265  COMP_E1_IRQHandler            
20000008  CPMwait                       
00001265  CS_IRQHandler                 
20000000  ClockFrequency                
00001195  Clock_Delay1ms                
000007f1  Clock_Init48MHz               
20000014  Crystalstable                 
00001265  DMA_ERR_IRQHandler            
00001265  DMA_INT0_IRQHandler           
00001265  DMA_INT1_IRQHandler           
00001265  DMA_INT2_IRQHandler           
00001265  DMA_INT3_IRQHandler           
00001265  DebugMon_Handler              
00001265  Default_Handler               
00001265  EUSCIA0_IRQHandler            
00001265  EUSCIA1_IRQHandler            
00001265  EUSCIA2_IRQHandler            
00001265  EUSCIA3_IRQHandler            
00001265  EUSCIB0_IRQHandler            
00001265  EUSCIB1_IRQHandler            
00001265  EUSCIB2_IRQHandler            
00001265  EUSCIB3_IRQHandler            
00001265  FLCTL_IRQHandler              
00001265  FPU_IRQHandler                
00001265  HardFault_Handler             
20000010  IFlags                        
00000ad1  Initialize_System             
00001265  MemManage_Handler             
00001265  NMI_Handler                   
00001265  PCM_IRQHandler                
00001045  PORT1_IRQHandler              
00001045  PORT1_IRQHandler              
00001265  PORT2_IRQHandler              
00001265  PORT3_IRQHandler              
00001265  PORT4_IRQHandler              
00000ccd  PORT5_IRQHandler              
00000ccd  PORT5_IRQHandler              
00001265  PORT6_IRQHandler              
00001265  PSS_IRQHandler                
00001265  PendSV_Handler                
2000000c  Postwait                      
20000004  Prewait                       
00001265  RTC_C_IRQHandler              
00000fed  Reflectance_Init              
00001239  Reset_Handler                 
00001265  SVC_Handler                   
0000120d  SysTick_Handler               
0000120d  SysTick_Handler               
00000df1  SystemInit                    
00001265  T32_INT1_IRQHandler           
00001265  T32_INT2_IRQHandler           
00001265  T32_INTC_IRQHandler           
00001265  TA0_0_IRQHandler              
00001265  TA0_N_IRQHandler              
00001265  TA1_0_IRQHandler              
00001265  TA1_N_IRQHandler              
00001265  TA2_0_IRQHandler              
00001265  TA2_N_IRQHandler              
00001265  TA3_0_IRQHandler              
00001265  TA3_N_IRQHandler              
00001265  UsageFault_Handler            
4000480c  WDTCTL_SYM                    
00001265  WDT_A_IRQHandler              
20010000  __STACK_END                   
00000200  __STACK_SIZE                  
000012b0  __TI_CINIT_Base               
000012c0  __TI_CINIT_Limit              
00001298  __TI_Handler_Table_Base       
000012a4  __TI_Handler_Table_Limit      
00001089  __TI_auto_init_nobinit_nopinit
00000e69  __TI_decompress_lzss          
0000121d  __TI_decompress_none          
ffffffff  __TI_pprof_out_hndl           
ffffffff  __TI_prof_data_size           
ffffffff  __TI_prof_data_start          
00000000  __TI_static_base__            
000011c1  __TI_zero_init_nomemset       
00000c31  __aeabi_memcpy                
00000c31  __aeabi_memcpy4               
00000c31  __aeabi_memcpy8               
ffffffff  __binit__                     
ffffffff  __c_args__                    
UNDEFED   __mpu_init                    
2000fe00  __stack                       
000010cd  _c_int00_noargs               
20000054  _lock                         
00001267  _nop                          
UNDEFED   _system_post_cinit            
0000125d  _system_pre_init              
20000058  _unlock                       
00001261  abort                         
ffffffff  binit                         
2000006c  bump_data                     
2000006d  bump_data0                    
2000006e  bump_data1                    
2000006f  bump_data2                    
20000070  bump_data3                    
20000071  bump_data4                    
20000072  bump_data5                    
000011dd  button_S1_pressed             
20000051  button_S1_pressed_flag        
000011f5  button_S2_pressed             
20000052  button_S2_pressed_flag        
00000d65  button_init                   
0000122b  delay                         
0000096d  encoder_init                  
00001245  get_left_motor_count          
00001251  get_right_motor_count         
2000004c  i                             
00000000  interruptVectors              
2000005c  left_motor_count              
20000018  left_motor_pwm_config         
000000e5  main                          
00000c31  memcpy                        
00000b81  motor_init                    
20000068  mouse                         
00001101  rand                          
20000060  right_motor_count             
20000030  right_motor_pwm_config        
00001135  set_left_motor_direction      
00000ed1  set_left_motor_pwm            
00001165  set_right_motor_direction     
00000f31  set_right_motor_pwm           
20000050  state                         
20000048  tick                          


GLOBAL SYMBOLS: SORTED BY Symbol Address 

address   name                          
-------   ----                          
00000000  __TI_static_base__            
00000000  interruptVectors              
000000e5  main                          
00000200  __STACK_SIZE                  
000007f1  Clock_Init48MHz               
0000096d  encoder_init                  
00000a21  Bump_Read                     
00000ad1  Initialize_System             
00000b81  motor_init                    
00000c31  __aeabi_memcpy                
00000c31  __aeabi_memcpy4               
00000c31  __aeabi_memcpy8               
00000c31  memcpy                        
00000ccd  PORT5_IRQHandler              
00000ccd  PORT5_IRQHandler              
00000d65  button_init                   
00000df1  SystemInit                    
00000e69  __TI_decompress_lzss          
00000ed1  set_left_motor_pwm            
00000f31  set_right_motor_pwm           
00000f91  Bump_Init                     
00000fed  Reflectance_Init              
00001045  PORT1_IRQHandler              
00001045  PORT1_IRQHandler              
00001089  __TI_auto_init_nobinit_nopinit
000010cd  _c_int00_noargs               
00001101  rand                          
00001135  set_left_motor_direction      
00001165  set_right_motor_direction     
00001195  Clock_Delay1ms                
000011c1  __TI_zero_init_nomemset       
000011dd  button_S1_pressed             
000011f5  button_S2_pressed             
0000120d  SysTick_Handler               
0000120d  SysTick_Handler               
0000121d  __TI_decompress_none          
0000122b  delay                         
00001239  Reset_Handler                 
00001245  get_left_motor_count          
00001251  get_right_motor_count         
0000125d  _system_pre_init              
00001261  C$$EXIT                       
00001261  abort                         
00001265  ADC14_IRQHandler              
00001265  AES256_IRQHandler             
00001265  BusFault_Handler              
00001265  COMP_E0_IRQHandler            
00001265  COMP_E1_IRQHandler            
00001265  CS_IRQHandler                 
00001265  DMA_ERR_IRQHandler            
00001265  DMA_INT0_IRQHandler           
00001265  DMA_INT1_IRQHandler           
00001265  DMA_INT2_IRQHandler           
00001265  DMA_INT3_IRQHandler           
00001265  DebugMon_Handler              
00001265  Default_Handler               
00001265  EUSCIA0_IRQHandler            
00001265  EUSCIA1_IRQHandler            
00001265  EUSCIA2_IRQHandler            
00001265  EUSCIA3_IRQHandler            
00001265  EUSCIB0_IRQHandler            
00001265  EUSCIB1_IRQHandler            
00001265  EUSCIB2_IRQHandler            
00001265  EUSCIB3_IRQHandler            
00001265  FLCTL_IRQHandler              
00001265  FPU_IRQHandler                
00001265  HardFault_Handler             
00001265  MemManage_Handler             
00001265  NMI_Handler                   
00001265  PCM_IRQHandler                
00001265  PORT2_IRQHandler              
00001265  PORT3_IRQHandler              
00001265  PORT4_IRQHandler              
00001265  PORT6_IRQHandler              
00001265  PSS_IRQHandler                
00001265  PendSV_Handler                
00001265  RTC_C_IRQHandler              
00001265  SVC_Handler                   
00001265  T32_INT1_IRQHandler           
00001265  T32_INT2_IRQHandler           
00001265  T32_INTC_IRQHandler           
00001265  TA0_0_IRQHandler              
00001265  TA0_N_IRQHandler              
00001265  TA1_0_IRQHandler              
00001265  TA1_N_IRQHandler              
00001265  TA2_0_IRQHandler              
00001265  TA2_N_IRQHandler              
00001265  TA3_0_IRQHandler              
00001265  TA3_N_IRQHandler              
00001265  UsageFault_Handler            
00001265  WDT_A_IRQHandler              
00001267  _nop                          
00001298  __TI_Handler_Table_Base       
000012a4  __TI_Handler_Table_Limit      
000012b0  __TI_CINIT_Base               
000012c0  __TI_CINIT_Limit              
20000000  ClockFrequency                
20000004  Prewait                       
20000008  CPMwait                       
2000000c  Postwait                      
20000010  IFlags                        
20000014  Crystalstable                 
20000018  left_motor_pwm_config         
20000030  right_motor_pwm_config        
20000048  tick                          
2000004c  i                             
20000050  state                         
20000051  button_S1_pressed_flag        
20000052  button_S2_pressed_flag        
20000054  _lock                         
20000058  _unlock                       
2000005c  left_motor_count              
20000060  right_motor_count             
20000068  mouse                         
2000006c  bump_data                     
2000006d  bump_data0                    
2000006e  bump_data1                    
2000006f  bump_data2                    
20000070  bump_data3                    
20000071  bump_data4                    
20000072  bump_data5                    
2000fe00  __stack                       
20010000  __STACK_END                   
4000480c  WDTCTL_SYM                    
ffffffff  __TI_pprof_out_hndl           
ffffffff  __TI_prof_data_size           
ffffffff  __TI_prof_data_start          
ffffffff  __binit__                     
ffffffff  __c_args__                    
ffffffff  binit                         
UNDEFED   __mpu_init                    
UNDEFED   _system_post_cinit            

[132 symbols]
